%このファイルは日本語文字を含みます.
\BOOKMARK [1][-]{section.1}{\376\377\060\326\060\355\060\303\060\257\060\265\060\244\060\257\060\353\060\114\225\211\060\113\060\151\060\106\060\113\060\156\122\044\133\232}{}% 1
\BOOKMARK [1][-]{section.2}{\376\377\212\326\145\207\000k\000a\000s\000a\000i\0002\0000\0002\0006\000b\000r\000e\000a\000k\000i\000n\000g\000o\000r\000t\000h\000o\000g\000o\000n\000a\000l\000i\000t\000y\000b\000a\000r\000r\000i\000e\000r\000q\000u\000a\000n\000t\000u\000m\060\153\060\144\060\104\060\146}{}% 2
\BOOKMARK [2][-]{subsection.2.1}{\376\377\137\223\147\145\060\156\210\114\122\027\060\156\151\313\142\020\145\271\154\325}{section.2}% 3
\BOOKMARK [2][-]{subsection.2.2}{\376\377\145\260\060\127\060\104\210\114\122\027\060\156\151\313\142\020\145\271\154\325}{section.2}% 4
\BOOKMARK [2][-]{subsection.2.3}{\376\377\060\242\060\257\060\306\060\243\060\326\220\350\060\156\166\364\116\244\140\047\060\156\123\101\122\006\147\141\116\366}{section.2}% 5
\BOOKMARK [2][-]{subsection.2.4}{\376\377\157\134\127\050\220\350\060\156\227\136\166\364\116\244\140\047\060\156\137\305\211\201\147\141\116\366}{section.2}% 6
\BOOKMARK [2][-]{subsection.2.5}{\376\377\060\254\060\374\060\272\060\156\116\012\165\114}{section.2}% 7
\BOOKMARK [2][-]{subsection.2.6}{\376\377\210\114\122\027\151\313\173\311\060\156\145\271\154\325}{section.2}% 8
\BOOKMARK [1][-]{section.3}{\376\377\060\123\060\156\212\326\145\207\060\147\060\156\147\141\116\366\060\222\156\200\060\137\060\131\000F\000i\000,\000\040\000G\000i\060\156\151\313\142\020}{}% 9
\BOOKMARK [2][-]{subsection.3.1}{\376\377\147\141\116\366\000A\000'}{section.3}% 10
\BOOKMARK [2][-]{subsection.3.2}{\376\377\147\141\116\366\000B\000'}{section.3}% 11
\BOOKMARK [2][-]{subsection.3.3}{\376\377\147\141\116\366\000C\000'}{section.3}% 12
\BOOKMARK [1][-]{section.4}{\376\377\210\114\122\027\060\222\165\050\060\104\060\137\147\141\116\366\000A\000'\000,\000B\000'\060\156\133\232\137\017\123\026}{}% 13
\BOOKMARK [1][-]{section.5}{\376\377\147\141\116\366\000C\000'\060\156\133\232\137\017\123\026}{}% 14
\BOOKMARK [2][-]{subsection.5.1}{\376\377\060\265\060\244\060\257\060\353\060\156\124\010\142\020\225\242\145\160\060\156\134\016\121\372}{section.5}% 15
\BOOKMARK [2][-]{subsection.5.2}{\376\377\000U\000T\000C\000B\000C\060\156\133\232\137\017\123\026}{section.5}% 16
\BOOKMARK [1][-]{section.6}{\376\377\0002\000/\0004\000\040\060\274\060\337}{}% 17
\BOOKMARK [2][-]{subsection.6.1}{\376\377\170\272\212\215\060\127\060\137\060\104\060\123\060\150}{section.6}% 18
\BOOKMARK [2][-]{subsection.6.2}{\376\377\116\312\137\214\060\156\060\277\060\271\060\257}{section.6}% 19
\BOOKMARK [2][-]{subsection.6.3}{\376\377\212\326\145\207}{section.6}% 20
\BOOKMARK [1][-]{section.7}{\376\377\060\271\060\337\060\271\152\031\156\226\137\142\000\040\000\050\000S\000m\000i\000t\000h\000\040\000N\000o\000r\000m\000a\000l\000\040\000F\000o\000r\000m\000,\000\040\000S\000N\000F\000\051\000\040\060\153\060\210\060\213\116\000\202\054\211\343\060\156\134\016\121\372}{}% 21
\BOOKMARK [2][-]{subsection.7.1}{\376\377\175\332\137\142\124\010\124\014\137\017\117\123\174\373\060\156\133\232\137\017\123\026}{section.7}% 22
\BOOKMARK [2][-]{subsection.7.2}{\376\377\060\271\060\337\060\271\152\031\156\226\137\142\060\222\165\050\060\104\060\137\131\011\143\333}{section.7}% 23
\BOOKMARK [2][-]{subsection.7.3}{\376\377\162\354\172\313\060\127\060\137\124\010\124\014\137\017\060\156\211\343\154\325}{section.7}% 24
